// Jest Snapshot v1, https://goo.gl/fbAQLP

exports[`<App />: structure renders <App/> without crashing 1`] = `
.c0 {
  width: 80vw;
  min-height: 100vh;
  margin: 20px auto 40px auto;
  text-align: center;
}

.c1 {
  margin: 20px 0;
  display: -webkit-box;
  display: -webkit-flex;
  display: -ms-flexbox;
  display: flex;
  -webkit-flex-direction: column;
  -ms-flex-direction: column;
  flex-direction: column;
  -webkit-align-items: center;
  -webkit-box-align: center;
  -ms-flex-align: center;
  align-items: center;
  -webkit-box-pack: start;
  -webkit-justify-content: flex-start;
  -ms-flex-pack: start;
  justify-content: flex-start;
  font-size: calc(10px + 2vmin);
  color: black;
}

.c2 {
  height: 40vmin;
}

.c3 {
  width: 800px;
  margin: 0 auto;
  display: -webkit-box;
  display: -webkit-flex;
  display: -ms-flexbox;
  display: flex;
  -webkit-flex-direction: row;
  -ms-flex-direction: row;
  flex-direction: row;
  -webkit-flex-wrap: wrap;
  -ms-flex-wrap: wrap;
  flex-wrap: wrap;
  -webkit-box-pack: center;
  -webkit-justify-content: center;
  -ms-flex-pack: center;
  justify-content: center;
  -webkit-align-items: flex-start;
  -webkit-box-align: flex-start;
  -ms-flex-align: flex-start;
  align-items: flex-start;
}

<section
  class="c0"
>
  <header
    class="c1"
    role="banner"
  >
    <img
      class="c2"
      src="logo.svg"
    />
    <h1>
      Hilton Assessment 2
    </h1>
  </header>
  <main
    class="c3"
    role="main"
  />
</section>
`;
