// Jest Snapshot v1, https://goo.gl/fbAQLP

exports[`<RoomRequestForm />: structure renders without crashing 1`] = `null`;
